
> frontend@0.1.0 dev
> next dev

  ▲ Next.js 14.2.35
  - Local:        http://localhost:3000

 ✓ Starting...
 ✓ Ready in 2.8s
 ○ Compiling / ...
 ✓ Compiled / in 4.6s (492 modules)
 GET / 200 in 5060ms
 ✓ Compiled in 580ms (237 modules)
 GET / 307 in 94ms
 GET / 307 in 60ms
 ○ Compiling /dashboard ...
 ✓ Compiled /dashboard in 5.1s (1618 modules)
 GET /dashboard 200 in 5332ms
 ○ Compiling /federated-learning ...
 ✓ Compiled /federated-learning in 983ms (1642 modules)
 GET /federated-learning 200 in 1188ms
 ✓ Compiled /threats in 286ms (1652 modules)
 GET /threats 200 in 369ms
 GET / 307 in 78ms
 GET /dashboard 200 in 170ms
 ○ Compiling /favicon.ico ...
 ✓ Compiled /favicon.ico in 1283ms (875 modules)
 GET /favicon.ico 200 in 1726ms
 ○ Compiling /alerts ...
 ✓ Compiled /alerts in 1004ms (1673 modules)
 ✓ Compiled /threats in 385ms (866 modules)
 ○ Compiling /settings ...
 ✓ Compiled /settings in 1652ms (1687 modules)
 ○ Compiling /clients ...
 ✓ Compiled /clients in 912ms (1695 modules)
 ○ Compiling /incidents ...
 ✓ Compiled /incidents in 1307ms (1703 modules)
